<?xml version="1.0" encoding="ISO-8859-1" ?>
<link_info>
   <banner>TI ARM Linker PC v20.2.1.LTS</banner>
   <copyright>Copyright (c) 1996-2018 Texas Instruments Incorporated</copyright>
   <link_time>0x5f9e1f4e</link_time>
   <link_errors>0x0</link_errors>
   <output_file>F20_proj1.out</output_file>
   <entry_point>
      <name>_c_int00_noargs</name>
      <address>0x54e5</address>
   </entry_point>
   <input_file_list>
      <input_file id="fl-2">
         <path>.\</path>
         <kind>object</kind>
         <file>F20_proj1_Main.obj</file>
         <name>F20_proj1_Main.obj</name>
      </input_file>
      <input_file id="fl-3">
         <path>.\</path>
         <kind>object</kind>
         <file>colors.obj</file>
         <name>colors.obj</name>
      </input_file>
      <input_file id="fl-4">
         <path>.\</path>
         <kind>object</kind>
         <file>happy.obj</file>
         <name>happy.obj</name>
      </input_file>
      <input_file id="fl-5">
         <path>.\</path>
         <kind>object</kind>
         <file>sad.obj</file>
         <name>sad.obj</name>
      </input_file>
      <input_file id="fl-6">
         <path>.\</path>
         <kind>object</kind>
         <file>system_msp432p401r.obj</file>
         <name>system_msp432p401r.obj</name>
      </input_file>
      <input_file id="fl-7">
         <path>.\HAL\</path>
         <kind>object</kind>
         <file>Button.obj</file>
         <name>Button.obj</name>
      </input_file>
      <input_file id="fl-8">
         <path>.\HAL\</path>
         <kind>object</kind>
         <file>Graphics.obj</file>
         <name>Graphics.obj</name>
      </input_file>
      <input_file id="fl-9">
         <path>.\HAL\</path>
         <kind>object</kind>
         <file>HAL.obj</file>
         <name>HAL.obj</name>
      </input_file>
      <input_file id="fl-a">
         <path>.\HAL\</path>
         <kind>object</kind>
         <file>LED.obj</file>
         <name>LED.obj</name>
      </input_file>
      <input_file id="fl-b">
         <path>.\HAL\</path>
         <kind>object</kind>
         <file>Timer.obj</file>
         <name>Timer.obj</name>
      </input_file>
      <input_file id="fl-c">
         <path>.\HAL\</path>
         <kind>object</kind>
         <file>UART.obj</file>
         <name>UART.obj</name>
      </input_file>
      <input_file id="fl-d">
         <path>.\HAL\LcdDriver\</path>
         <kind>object</kind>
         <file>Crystalfontz128x128_ST7735.obj</file>
         <name>Crystalfontz128x128_ST7735.obj</name>
      </input_file>
      <input_file id="fl-e">
         <path>.\HAL\LcdDriver\</path>
         <kind>object</kind>
         <file>HAL_MSP_EXP432P401R_Crystalfontz128x128_ST7735.obj</file>
         <name>HAL_MSP_EXP432P401R_Crystalfontz128x128_ST7735.obj</name>
      </input_file>
      <input_file id="fl-f">
         <path>.\ccs\</path>
         <kind>object</kind>
         <file>startup_msp432p401r_ccs.obj</file>
         <name>startup_msp432p401r_ccs.obj</name>
      </input_file>
      <input_file id="fl-19">
         <kind>object</kind>
         <file>&lt;internal&gt;</file>
         <name>&lt;internal&gt;</name>
      </input_file>
      <input_file id="fl-1a">
         <path>C:\ti\simplelink_msp432p4_sdk_3_40_01_02\source\ti\grlib\lib\ccs\m4f\</path>
         <kind>archive</kind>
         <file>grlib.a</file>
         <name>circle.obj</name>
      </input_file>
      <input_file id="fl-1b">
         <path>C:\ti\simplelink_msp432p4_sdk_3_40_01_02\source\ti\grlib\lib\ccs\m4f\</path>
         <kind>archive</kind>
         <file>grlib.a</file>
         <name>context.obj</name>
      </input_file>
      <input_file id="fl-1c">
         <path>C:\ti\simplelink_msp432p4_sdk_3_40_01_02\source\ti\grlib\lib\ccs\m4f\</path>
         <kind>archive</kind>
         <file>grlib.a</file>
         <name>display.obj</name>
      </input_file>
      <input_file id="fl-1d">
         <path>C:\ti\simplelink_msp432p4_sdk_3_40_01_02\source\ti\grlib\lib\ccs\m4f\</path>
         <kind>archive</kind>
         <file>grlib.a</file>
         <name>fontfixed6x8.obj</name>
      </input_file>
      <input_file id="fl-1e">
         <path>C:\ti\simplelink_msp432p4_sdk_3_40_01_02\source\ti\grlib\lib\ccs\m4f\</path>
         <kind>archive</kind>
         <file>grlib.a</file>
         <name>image.obj</name>
      </input_file>
      <input_file id="fl-1f">
         <path>C:\ti\simplelink_msp432p4_sdk_3_40_01_02\source\ti\grlib\lib\ccs\m4f\</path>
         <kind>archive</kind>
         <file>grlib.a</file>
         <name>line.obj</name>
      </input_file>
      <input_file id="fl-20">
         <path>C:\ti\simplelink_msp432p4_sdk_3_40_01_02\source\ti\grlib\lib\ccs\m4f\</path>
         <kind>archive</kind>
         <file>grlib.a</file>
         <name>rectangle.obj</name>
      </input_file>
      <input_file id="fl-21">
         <path>C:\ti\simplelink_msp432p4_sdk_3_40_01_02\source\ti\grlib\lib\ccs\m4f\</path>
         <kind>archive</kind>
         <file>grlib.a</file>
         <name>string.obj</name>
      </input_file>
      <input_file id="fl-22">
         <path>C:\ti\simplelink_msp432p4_sdk_3_40_01_02\source\ti\devices\msp432p4xx\driverlib\ccs\</path>
         <kind>archive</kind>
         <file>msp432p4xx_driverlib.lib</file>
         <name>cs.o</name>
      </input_file>
      <input_file id="fl-23">
         <path>C:\ti\simplelink_msp432p4_sdk_3_40_01_02\source\ti\devices\msp432p4xx\driverlib\ccs\</path>
         <kind>archive</kind>
         <file>msp432p4xx_driverlib.lib</file>
         <name>flash.o</name>
      </input_file>
      <input_file id="fl-24">
         <path>C:\ti\simplelink_msp432p4_sdk_3_40_01_02\source\ti\devices\msp432p4xx\driverlib\ccs\</path>
         <kind>archive</kind>
         <file>msp432p4xx_driverlib.lib</file>
         <name>gpio.o</name>
      </input_file>
      <input_file id="fl-25">
         <path>C:\ti\simplelink_msp432p4_sdk_3_40_01_02\source\ti\devices\msp432p4xx\driverlib\ccs\</path>
         <kind>archive</kind>
         <file>msp432p4xx_driverlib.lib</file>
         <name>interrupt.o</name>
      </input_file>
      <input_file id="fl-26">
         <path>C:\ti\simplelink_msp432p4_sdk_3_40_01_02\source\ti\devices\msp432p4xx\driverlib\ccs\</path>
         <kind>archive</kind>
         <file>msp432p4xx_driverlib.lib</file>
         <name>spi.o</name>
      </input_file>
      <input_file id="fl-27">
         <path>C:\ti\simplelink_msp432p4_sdk_3_40_01_02\source\ti\devices\msp432p4xx\driverlib\ccs\</path>
         <kind>archive</kind>
         <file>msp432p4xx_driverlib.lib</file>
         <name>sysctl.o</name>
      </input_file>
      <input_file id="fl-28">
         <path>C:\ti\simplelink_msp432p4_sdk_3_40_01_02\source\ti\devices\msp432p4xx\driverlib\ccs\</path>
         <kind>archive</kind>
         <file>msp432p4xx_driverlib.lib</file>
         <name>sysctl_a.o</name>
      </input_file>
      <input_file id="fl-29">
         <path>C:\ti\simplelink_msp432p4_sdk_3_40_01_02\source\ti\devices\msp432p4xx\driverlib\ccs\</path>
         <kind>archive</kind>
         <file>msp432p4xx_driverlib.lib</file>
         <name>timer32.o</name>
      </input_file>
      <input_file id="fl-2a">
         <path>C:\ti\simplelink_msp432p4_sdk_3_40_01_02\source\ti\devices\msp432p4xx\driverlib\ccs\</path>
         <kind>archive</kind>
         <file>msp432p4xx_driverlib.lib</file>
         <name>uart.o</name>
      </input_file>
      <input_file id="fl-2b">
         <path>C:\ti\simplelink_msp432p4_sdk_3_40_01_02\source\ti\devices\msp432p4xx\driverlib\ccs\</path>
         <kind>archive</kind>
         <file>msp432p4xx_driverlib.lib</file>
         <name>wdt_a.o</name>
      </input_file>
      <input_file id="fl-2c">
         <path>C:\ti\simplelink_msp432p4_sdk_3_40_01_02\source\ti\devices\msp432p4xx\driverlib\ccs\</path>
         <kind>archive</kind>
         <file>msp432p4xx_driverlib.lib</file>
         <name>cpu.o</name>
      </input_file>
      <input_file id="fl-e2">
         <path>C:\ti\ccs1010\ccs\tools\compiler\ti-cgt-arm_20.2.1.LTS\lib\</path>
         <kind>archive</kind>
         <file>rtsv7M4_T_le_v4SPD16_eabi.lib</file>
         <name>snprintf.c.obj</name>
      </input_file>
      <input_file id="fl-e3">
         <path>C:\ti\ccs1010\ccs\tools\compiler\ti-cgt-arm_20.2.1.LTS\lib\</path>
         <kind>archive</kind>
         <file>rtsv7M4_T_le_v4SPD16_eabi.lib</file>
         <name>ll_mul_t2.asm.obj</name>
      </input_file>
      <input_file id="fl-e4">
         <path>C:\ti\ccs1010\ccs\tools\compiler\ti-cgt-arm_20.2.1.LTS\lib\</path>
         <kind>archive</kind>
         <file>rtsv7M4_T_le_v4SPD16_eabi.lib</file>
         <name>memcpy_t2.asm.obj</name>
      </input_file>
      <input_file id="fl-e5">
         <path>C:\ti\ccs1010\ccs\tools\compiler\ti-cgt-arm_20.2.1.LTS\lib\</path>
         <kind>archive</kind>
         <file>rtsv7M4_T_le_v4SPD16_eabi.lib</file>
         <name>ull_div_t2.asm.obj</name>
      </input_file>
      <input_file id="fl-e6">
         <path>C:\ti\ccs1010\ccs\tools\compiler\ti-cgt-arm_20.2.1.LTS\lib\</path>
         <kind>archive</kind>
         <file>rtsv7M4_T_le_v4SPD16_eabi.lib</file>
         <name>copy_zero_init.c.obj</name>
      </input_file>
      <input_file id="fl-e7">
         <path>C:\ti\ccs1010\ccs\tools\compiler\ti-cgt-arm_20.2.1.LTS\lib\</path>
         <kind>archive</kind>
         <file>rtsv7M4_T_le_v4SPD16_eabi.lib</file>
         <name>copy_decompress_none.c.obj</name>
      </input_file>
      <input_file id="fl-e8">
         <path>C:\ti\ccs1010\ccs\tools\compiler\ti-cgt-arm_20.2.1.LTS\lib\</path>
         <kind>archive</kind>
         <file>rtsv7M4_T_le_v4SPD16_eabi.lib</file>
         <name>copy_decompress_lzss.c.obj</name>
      </input_file>
      <input_file id="fl-e9">
         <path>C:\ti\ccs1010\ccs\tools\compiler\ti-cgt-arm_20.2.1.LTS\lib\</path>
         <kind>archive</kind>
         <file>rtsv7M4_T_le_v4SPD16_eabi.lib</file>
         <name>boot_cortex_m.c.obj</name>
      </input_file>
      <input_file id="fl-ea">
         <path>C:\ti\ccs1010\ccs\tools\compiler\ti-cgt-arm_20.2.1.LTS\lib\</path>
         <kind>archive</kind>
         <file>rtsv7M4_T_le_v4SPD16_eabi.lib</file>
         <name>_printfi.c.obj</name>
      </input_file>
      <input_file id="fl-eb">
         <path>C:\ti\ccs1010\ccs\tools\compiler\ti-cgt-arm_20.2.1.LTS\lib\</path>
         <kind>archive</kind>
         <file>rtsv7M4_T_le_v4SPD16_eabi.lib</file>
         <name>div0.asm.obj</name>
      </input_file>
      <input_file id="fl-ec">
         <path>C:\ti\ccs1010\ccs\tools\compiler\ti-cgt-arm_20.2.1.LTS\lib\</path>
         <kind>archive</kind>
         <file>rtsv7M4_T_le_v4SPD16_eabi.lib</file>
         <name>memset_t2.asm.obj</name>
      </input_file>
      <input_file id="fl-ed">
         <path>C:\ti\ccs1010\ccs\tools\compiler\ti-cgt-arm_20.2.1.LTS\lib\</path>
         <kind>archive</kind>
         <file>rtsv7M4_T_le_v4SPD16_eabi.lib</file>
         <name>fd_add_t2.asm.obj</name>
      </input_file>
      <input_file id="fl-ee">
         <path>C:\ti\ccs1010\ccs\tools\compiler\ti-cgt-arm_20.2.1.LTS\lib\</path>
         <kind>archive</kind>
         <file>rtsv7M4_T_le_v4SPD16_eabi.lib</file>
         <name>fd_cmp_t2.asm.obj</name>
      </input_file>
      <input_file id="fl-ef">
         <path>C:\ti\ccs1010\ccs\tools\compiler\ti-cgt-arm_20.2.1.LTS\lib\</path>
         <kind>archive</kind>
         <file>rtsv7M4_T_le_v4SPD16_eabi.lib</file>
         <name>fd_div_t2.asm.obj</name>
      </input_file>
      <input_file id="fl-f0">
         <path>C:\ti\ccs1010\ccs\tools\compiler\ti-cgt-arm_20.2.1.LTS\lib\</path>
         <kind>archive</kind>
         <file>rtsv7M4_T_le_v4SPD16_eabi.lib</file>
         <name>fd_mul_t2.asm.obj</name>
      </input_file>
      <input_file id="fl-f1">
         <path>C:\ti\ccs1010\ccs\tools\compiler\ti-cgt-arm_20.2.1.LTS\lib\</path>
         <kind>archive</kind>
         <file>rtsv7M4_T_le_v4SPD16_eabi.lib</file>
         <name>fd_toi_t2.asm.obj</name>
      </input_file>
      <input_file id="fl-f2">
         <path>C:\ti\ccs1010\ccs\tools\compiler\ti-cgt-arm_20.2.1.LTS\lib\</path>
         <kind>archive</kind>
         <file>rtsv7M4_T_le_v4SPD16_eabi.lib</file>
         <name>i_tofd_t2.asm.obj</name>
      </input_file>
      <input_file id="fl-f3">
         <path>C:\ti\ccs1010\ccs\tools\compiler\ti-cgt-arm_20.2.1.LTS\lib\</path>
         <kind>archive</kind>
         <file>rtsv7M4_T_le_v4SPD16_eabi.lib</file>
         <name>autoinit.c.obj</name>
      </input_file>
      <input_file id="fl-f4">
         <path>C:\ti\ccs1010\ccs\tools\compiler\ti-cgt-arm_20.2.1.LTS\lib\</path>
         <kind>archive</kind>
         <file>rtsv7M4_T_le_v4SPD16_eabi.lib</file>
         <name>pre_init.c.obj</name>
      </input_file>
      <input_file id="fl-f5">
         <path>C:\ti\ccs1010\ccs\tools\compiler\ti-cgt-arm_20.2.1.LTS\lib\</path>
         <kind>archive</kind>
         <file>rtsv7M4_T_le_v4SPD16_eabi.lib</file>
         <name>cpy_tbl.c.obj</name>
      </input_file>
      <input_file id="fl-f6">
         <path>C:\ti\ccs1010\ccs\tools\compiler\ti-cgt-arm_20.2.1.LTS\lib\</path>
         <kind>archive</kind>
         <file>rtsv7M4_T_le_v4SPD16_eabi.lib</file>
         <name>exit.c.obj</name>
      </input_file>
      <input_file id="fl-f7">
         <path>C:\ti\ccs1010\ccs\tools\compiler\ti-cgt-arm_20.2.1.LTS\lib\</path>
         <kind>archive</kind>
         <file>rtsv7M4_T_le_v4SPD16_eabi.lib</file>
         <name>_lock.c.obj</name>
      </input_file>
      <input_file id="fl-f8">
         <path>C:\ti\ccs1010\ccs\tools\compiler\ti-cgt-arm_20.2.1.LTS\lib\</path>
         <kind>archive</kind>
         <file>rtsv7M4_T_le_v4SPD16_eabi.lib</file>
         <name>_ltoa.c.obj</name>
      </input_file>
      <input_file id="fl-f9">
         <path>C:\ti\ccs1010\ccs\tools\compiler\ti-cgt-arm_20.2.1.LTS\lib\</path>
         <kind>archive</kind>
         <file>rtsv7M4_T_le_v4SPD16_eabi.lib</file>
         <name>args_main.c.obj</name>
      </input_file>
      <input_file id="fl-fa">
         <path>C:\ti\ccs1010\ccs\tools\compiler\ti-cgt-arm_20.2.1.LTS\lib\</path>
         <kind>archive</kind>
         <file>rtsv7M4_T_le_v4SPD16_eabi.lib</file>
         <name>atoi.c.obj</name>
      </input_file>
      <input_file id="fl-fb">
         <path>C:\ti\ccs1010\ccs\tools\compiler\ti-cgt-arm_20.2.1.LTS\lib\</path>
         <kind>archive</kind>
         <file>rtsv7M4_T_le_v4SPD16_eabi.lib</file>
         <name>ctype.c.obj</name>
      </input_file>
      <input_file id="fl-fc">
         <path>C:\ti\ccs1010\ccs\tools\compiler\ti-cgt-arm_20.2.1.LTS\lib\</path>
         <kind>archive</kind>
         <file>rtsv7M4_T_le_v4SPD16_eabi.lib</file>
         <name>memccpy.c.obj</name>
      </input_file>
      <input_file id="fl-fd">
         <path>C:\ti\ccs1010\ccs\tools\compiler\ti-cgt-arm_20.2.1.LTS\lib\</path>
         <kind>archive</kind>
         <file>rtsv7M4_T_le_v4SPD16_eabi.lib</file>
         <name>strchr.c.obj</name>
      </input_file>
      <input_file id="fl-fe">
         <path>C:\ti\ccs1010\ccs\tools\compiler\ti-cgt-arm_20.2.1.LTS\lib\</path>
         <kind>archive</kind>
         <file>rtsv7M4_T_le_v4SPD16_eabi.lib</file>
         <name>strlen.c.obj</name>
      </input_file>
      <input_file id="fl-ff">
         <path>C:\ti\ccs1010\ccs\tools\compiler\ti-cgt-arm_20.2.1.LTS\lib\</path>
         <kind>archive</kind>
         <file>rtsv7M4_T_le_v4SPD16_eabi.lib</file>
         <name>errno.c.obj</name>
      </input_file>
      <input_file id="fl-100">
         <path>C:\ti\ccs1010\ccs\tools\compiler\ti-cgt-arm_20.2.1.LTS\lib\</path>
         <kind>archive</kind>
         <file>rtsv7M4_T_le_v4SPD16_eabi.lib</file>
         <name>s_frexp.c.obj</name>
      </input_file>
      <input_file id="fl-101">
         <path>C:\ti\ccs1010\ccs\tools\compiler\ti-cgt-arm_20.2.1.LTS\lib\</path>
         <kind>archive</kind>
         <file>rtsv7M4_T_le_v4SPD16_eabi.lib</file>
         <name>s_scalbn.c.obj</name>
      </input_file>
      <input_file id="fl-102">
         <path>C:\ti\ccs1010\ccs\tools\compiler\ti-cgt-arm_20.2.1.LTS\lib\</path>
         <kind>archive</kind>
         <file>rtsv7M4_T_le_v4SPD16_eabi.lib</file>
         <name>wcslen.c.obj</name>
      </input_file>
      <input_file id="fl-103">
         <path>C:\ti\ccs1010\ccs\tools\compiler\ti-cgt-arm_20.2.1.LTS\lib\</path>
         <kind>archive</kind>
         <file>rtsv7M4_T_le_v4SPD16_eabi.lib</file>
         <name>s_copysign.c.obj</name>
      </input_file>
   </input_file_list>
   <object_component_list>
      <object_component id="oc-26">
         <name>.intvecs:retain</name>
         <load_address>0x0</load_address>
         <run_address>0x0</run_address>
         <size>0xe4</size>
         <input_file_ref idref="fl-f"/>
      </object_component>
      <object_component id="oc-220">
         <name>.text:Application_handleGameScreen</name>
         <load_address>0xe4</load_address>
         <run_address>0xe4</run_address>
         <size>0xca0</size>
         <input_file_ref idref="fl-2"/>
      </object_component>
      <object_component id="oc-50e">
         <name>.text:__TI_printfi</name>
         <load_address>0xd84</load_address>
         <run_address>0xd84</run_address>
         <size>0xa4e</size>
         <input_file_ref idref="fl-ea"/>
      </object_component>
      <object_component id="oc-361">
         <name>.text:Graphics_drawString</name>
         <load_address>0x17d2</load_address>
         <run_address>0x17d2</run_address>
         <size>0x47e</size>
         <input_file_ref idref="fl-21"/>
      </object_component>
      <object_component id="oc-1e6">
         <name>.text:Graphics_drawImage</name>
         <load_address>0x1c50</load_address>
         <run_address>0x1c50</run_address>
         <size>0x390</size>
         <input_file_ref idref="fl-1e"/>
      </object_component>
      <object_component id="oc-5e4">
         <name>.text:_pconv_a</name>
         <load_address>0x1fe0</load_address>
         <run_address>0x1fe0</run_address>
         <size>0x270</size>
         <input_file_ref idref="fl-ea"/>
      </object_component>
      <object_component id="oc-4f1">
         <name>.text:Graphics_fillCircle</name>
         <load_address>0x2250</load_address>
         <run_address>0x2250</run_address>
         <size>0x22a</size>
         <input_file_ref idref="fl-1a"/>
      </object_component>
      <object_component id="oc-475">
         <name>.text:Crystalfontz128x128_PixelDrawMultiple</name>
         <load_address>0x247a</load_address>
         <run_address>0x247a</run_address>
         <size>0x1d8</size>
         <input_file_ref idref="fl-d"/>
      </object_component>
      <object_component id="oc-6d">
         <name>.text:Default_Handler</name>
         <load_address>0x2652</load_address>
         <run_address>0x2652</run_address>
         <size>0x2</size>
         <input_file_ref idref="fl-f"/>
      </object_component>
      <object_component id="oc-5d2">
         <name>.text:_pconv_g</name>
         <load_address>0x2654</load_address>
         <run_address>0x2654</run_address>
         <size>0x1d0</size>
         <input_file_ref idref="fl-ea"/>
      </object_component>
      <object_component id="oc-666">
         <name>.text</name>
         <load_address>0x2824</load_address>
         <run_address>0x2824</run_address>
         <size>0x1b6</size>
         <input_file_ref idref="fl-ed"/>
      </object_component>
      <object_component id="oc-4a7">
         <name>.text</name>
         <load_address>0x29da</load_address>
         <run_address>0x29da</run_address>
         <size>0x2</size>
         <input_file_ref idref="fl-eb"/>
      </object_component>
      <object_component id="oc-189">
         <name>.text:CS_setDCOFrequency</name>
         <load_address>0x29dc</load_address>
         <run_address>0x29dc</run_address>
         <size>0x19c</size>
         <input_file_ref idref="fl-22"/>
      </object_component>
      <object_component id="oc-5de">
         <name>.text:_pconv_e</name>
         <load_address>0x2b78</load_address>
         <run_address>0x2b78</run_address>
         <size>0x13c</size>
         <input_file_ref idref="fl-ea"/>
      </object_component>
      <object_component id="oc-64c">
         <name>.text</name>
         <load_address>0x2cb4</load_address>
         <run_address>0x2cb4</run_address>
         <size>0x136</size>
         <input_file_ref idref="fl-ef"/>
      </object_component>
      <object_component id="oc-453">
         <name>.text:Crystalfontz128x128_SetDrawFrame</name>
         <load_address>0x2dec</load_address>
         <run_address>0x2dec</run_address>
         <size>0x134</size>
         <input_file_ref idref="fl-d"/>
      </object_component>
      <object_component id="oc-18f">
         <name>.text:CS_initClockSignal</name>
         <load_address>0x2f20</load_address>
         <run_address>0x2f20</run_address>
         <size>0x130</size>
         <input_file_ref idref="fl-22"/>
      </object_component>
      <object_component id="oc-2f7">
         <name>.text:Crystalfontz128x128_Init</name>
         <load_address>0x3050</load_address>
         <run_address>0x3050</run_address>
         <size>0x12c</size>
         <input_file_ref idref="fl-d"/>
      </object_component>
      <object_component id="oc-678">
         <name>.text:fcvt</name>
         <load_address>0x317c</load_address>
         <run_address>0x317c</run_address>
         <size>0x124</size>
         <input_file_ref idref="fl-ea"/>
      </object_component>
      <object_component id="oc-2da">
         <name>.text:UART_initModule</name>
         <load_address>0x32a0</load_address>
         <run_address>0x32a0</run_address>
         <size>0x11c</size>
         <input_file_ref idref="fl-2a"/>
      </object_component>
      <object_component id="oc-68c">
         <name>.text:scalbn</name>
         <load_address>0x33bc</load_address>
         <run_address>0x33bc</run_address>
         <size>0x110</size>
         <input_file_ref idref="fl-101"/>
      </object_component>
      <object_component id="oc-39e">
         <name>.text:Application_input</name>
         <load_address>0x34cc</load_address>
         <run_address>0x34cc</run_address>
         <size>0x108</size>
         <input_file_ref idref="fl-2"/>
      </object_component>
      <object_component id="oc-647">
         <name>.text</name>
         <load_address>0x35d4</load_address>
         <run_address>0x35d4</run_address>
         <size>0xfc</size>
         <input_file_ref idref="fl-f0"/>
      </object_component>
      <object_component id="oc-385">
         <name>.text:Application_showGameScreen</name>
         <load_address>0x36d0</load_address>
         <run_address>0x36d0</run_address>
         <size>0xef</size>
         <input_file_ref idref="fl-2"/>
      </object_component>
      <object_component id="oc-22d">
         <name>.text:Button_refresh</name>
         <load_address>0x37c0</load_address>
         <run_address>0x37c0</run_address>
         <size>0xe6</size>
         <input_file_ref idref="fl-7"/>
      </object_component>
      <object_component id="oc-3c7">
         <name>.text:Application_showResultScreen</name>
         <load_address>0x38a8</load_address>
         <run_address>0x38a8</run_address>
         <size>0xdc</size>
         <input_file_ref idref="fl-2"/>
      </object_component>
      <object_component id="oc-3cd">
         <name>.text:ecolor</name>
         <load_address>0x3984</load_address>
         <run_address>0x3984</run_address>
         <size>0xd4</size>
         <input_file_ref idref="fl-2"/>
      </object_component>
      <object_component id="oc-5c7">
         <name>.text:_ltostr</name>
         <load_address>0x3a58</load_address>
         <run_address>0x3a58</run_address>
         <size>0xb1</size>
         <input_file_ref idref="fl-ea"/>
      </object_component>
      <object_component id="oc-56e">
         <name>.text:SPI_initMaster</name>
         <load_address>0x3b0a</load_address>
         <run_address>0x3b0a</run_address>
         <size>0xb0</size>
         <input_file_ref idref="fl-26"/>
      </object_component>
      <object_component id="oc-1c0">
         <name>.text:UART_construct</name>
         <load_address>0x3bbc</load_address>
         <run_address>0x3bbc</run_address>
         <size>0xac</size>
         <input_file_ref idref="fl-c"/>
      </object_component>
      <object_component id="oc-ec">
         <name>.text:HAL_construct</name>
         <load_address>0x3c68</load_address>
         <run_address>0x3c68</run_address>
         <size>0xaa</size>
         <input_file_ref idref="fl-9"/>
      </object_component>
      <object_component id="oc-4eb">
         <name>.text:Graphics_drawRectangle</name>
         <load_address>0x3d12</load_address>
         <run_address>0x3d12</run_address>
         <size>0xa2</size>
         <input_file_ref idref="fl-20"/>
      </object_component>
      <object_component id="oc-f8">
         <name>.text:Application_showTitleScreen</name>
         <load_address>0x3db4</load_address>
         <run_address>0x3db4</run_address>
         <size>0xa0</size>
         <input_file_ref idref="fl-2"/>
      </object_component>
      <object_component id="oc-487">
         <name>.text:Crystalfontz128x128_RectFill</name>
         <load_address>0x3e54</load_address>
         <run_address>0x3e54</run_address>
         <size>0x9c</size>
         <input_file_ref idref="fl-d"/>
      </object_component>
      <object_component id="oc-4d1">
         <name>.text:Graphics_drawLineH</name>
         <load_address>0x3ef0</load_address>
         <run_address>0x3ef0</run_address>
         <size>0x9c</size>
         <input_file_ref idref="fl-1f"/>
      </object_component>
      <object_component id="oc-5af">
         <name>.text:Graphics_drawLineV</name>
         <load_address>0x3f8c</load_address>
         <run_address>0x3f8c</run_address>
         <size>0x9c</size>
         <input_file_ref idref="fl-1f"/>
      </object_component>
      <object_component id="oc-37">
         <name>.text</name>
         <load_address>0x4028</load_address>
         <run_address>0x4028</run_address>
         <size>0x9c</size>
         <input_file_ref idref="fl-e4"/>
      </object_component>
      <object_component id="oc-31f">
         <name>.text</name>
         <load_address>0x40c4</load_address>
         <run_address>0x40c4</run_address>
         <size>0x96</size>
         <input_file_ref idref="fl-e5"/>
      </object_component>
      <object_component id="oc-2b5">
         <name>.text:SysCtl_A_getTLVInfo</name>
         <load_address>0x415c</load_address>
         <run_address>0x415c</run_address>
         <size>0x94</size>
         <input_file_ref idref="fl-28"/>
      </object_component>
      <object_component id="oc-2c1">
         <name>.text:CS_tuneDCOFrequency</name>
         <load_address>0x41f0</load_address>
         <run_address>0x41f0</run_address>
         <size>0x88</size>
         <input_file_ref idref="fl-22"/>
      </object_component>
      <object_component id="oc-2e6">
         <name>.text:GPIO_setAsPeripheralModuleFunctionInputPin</name>
         <load_address>0x4278</load_address>
         <run_address>0x4278</run_address>
         <size>0x88</size>
         <input_file_ref idref="fl-24"/>
      </object_component>
      <object_component id="oc-567">
         <name>.text:GPIO_setAsPeripheralModuleFunctionOutputPin</name>
         <load_address>0x4300</load_address>
         <run_address>0x4300</run_address>
         <size>0x88</size>
         <input_file_ref idref="fl-24"/>
      </object_component>
      <object_component id="oc-37e">
         <name>.text:Application_showInstructionsScreen</name>
         <load_address>0x4388</load_address>
         <run_address>0x4388</run_address>
         <size>0x87</size>
         <input_file_ref idref="fl-2"/>
      </object_component>
      <object_component id="oc-5cd">
         <name>.text:__aeabi_cdcmple</name>
         <load_address>0x4410</load_address>
         <run_address>0x4410</run_address>
         <size>0x86</size>
         <input_file_ref idref="fl-ee"/>
      </object_component>
      <object_component id="oc-651">
         <name>.text:__aeabi_cdrcmple</name>
         <load_address>0x4496</load_address>
         <run_address>0x4496</run_address>
         <size>0x86</size>
         <input_file_ref idref="fl-ee"/>
      </object_component>
      <object_component id="oc-1ad">
         <name>.text:Interrupt_enableInterrupt</name>
         <load_address>0x451c</load_address>
         <run_address>0x451c</run_address>
         <size>0x80</size>
         <input_file_ref idref="fl-25"/>
      </object_component>
      <object_component id="oc-93">
         <name>.text</name>
         <load_address>0x459c</load_address>
         <run_address>0x459c</run_address>
         <size>0x7a</size>
         <input_file_ref idref="fl-ec"/>
      </object_component>
      <object_component id="oc-fe">
         <name>.text:Application_loop</name>
         <load_address>0x4616</load_address>
         <run_address>0x4616</run_address>
         <size>0x78</size>
         <input_file_ref idref="fl-2"/>
      </object_component>
      <object_component id="oc-e6">
         <name>.text:InitSystemTiming</name>
         <load_address>0x4690</load_address>
         <run_address>0x4690</run_address>
         <size>0x78</size>
         <input_file_ref idref="fl-b"/>
      </object_component>
      <object_component id="oc-b1">
         <name>.text:SystemInit</name>
         <load_address>0x4708</load_address>
         <run_address>0x4708</run_address>
         <size>0x78</size>
         <input_file_ref idref="fl-6"/>
      </object_component>
      <object_component id="oc-3d4">
         <name>.text:Application_initGameVariables</name>
         <load_address>0x4780</load_address>
         <run_address>0x4780</run_address>
         <size>0x72</size>
         <input_file_ref idref="fl-2"/>
      </object_component>
      <object_component id="oc-20e">
         <name>.text:Application_updateCommunications</name>
         <load_address>0x47f2</load_address>
         <run_address>0x47f2</run_address>
         <size>0x70</size>
         <input_file_ref idref="fl-2"/>
      </object_component>
      <object_component id="oc-671">
         <name>.text:_mcpy</name>
         <load_address>0x4862</load_address>
         <run_address>0x4862</run_address>
         <size>0x6e</size>
         <input_file_ref idref="fl-ea"/>
      </object_component>
      <object_component id="oc-341">
         <name>.text:Graphics_convertPalette</name>
         <load_address>0x48d0</load_address>
         <run_address>0x48d0</run_address>
         <size>0x6c</size>
         <input_file_ref idref="fl-1e"/>
      </object_component>
      <object_component id="oc-4e3">
         <name>.text:SWTimer_elapsedCycles</name>
         <load_address>0x493c</load_address>
         <run_address>0x493c</run_address>
         <size>0x68</size>
         <input_file_ref idref="fl-b"/>
      </object_component>
      <object_component id="oc-195">
         <name>.text:Timer32_initModule</name>
         <load_address>0x49a4</load_address>
         <run_address>0x49a4</run_address>
         <size>0x68</size>
         <input_file_ref idref="fl-29"/>
      </object_component>
      <object_component id="oc-17">
         <name>.text:decompress:lzss:__TI_decompress_lzss</name>
         <load_address>0x4a0c</load_address>
         <run_address>0x4a0c</run_address>
         <size>0x68</size>
         <input_file_ref idref="fl-e8"/>
      </object_component>
      <object_component id="oc-686">
         <name>.text:frexp</name>
         <load_address>0x4a74</load_address>
         <run_address>0x4a74</run_address>
         <size>0x64</size>
         <input_file_ref idref="fl-100"/>
      </object_component>
      <object_component id="oc-47b">
         <name>.text:Crystalfontz128x128_LineDrawH</name>
         <load_address>0x4ad8</load_address>
         <run_address>0x4ad8</run_address>
         <size>0x60</size>
         <input_file_ref idref="fl-d"/>
      </object_component>
      <object_component id="oc-481">
         <name>.text:Crystalfontz128x128_LineDrawV</name>
         <load_address>0x4b38</load_address>
         <run_address>0x4b38</run_address>
         <size>0x60</size>
         <input_file_ref idref="fl-d"/>
      </object_component>
      <object_component id="oc-1ba">
         <name>.text:Button_construct</name>
         <load_address>0x4b98</load_address>
         <run_address>0x4b98</run_address>
         <size>0x5c</size>
         <input_file_ref idref="fl-7"/>
      </object_component>
      <object_component id="oc-1c6">
         <name>.text:GFX_construct</name>
         <load_address>0x4bf4</load_address>
         <run_address>0x4bf4</run_address>
         <size>0x5c</size>
         <input_file_ref idref="fl-8"/>
      </object_component>
      <object_component id="oc-176">
         <name>.text:GPIO_setAsInputPinWithPullUpResistor</name>
         <load_address>0x4c50</load_address>
         <run_address>0x4c50</run_address>
         <size>0x58</size>
         <input_file_ref idref="fl-24"/>
      </object_component>
      <object_component id="oc-5d8">
         <name>.text:_pconv_f</name>
         <load_address>0x4ca8</load_address>
         <run_address>0x4ca8</run_address>
         <size>0x56</size>
         <input_file_ref idref="fl-ea"/>
      </object_component>
      <object_component id="oc-2fd">
         <name>.text:Crystalfontz128x128_SetOrientation</name>
         <load_address>0x4d00</load_address>
         <run_address>0x4d00</run_address>
         <size>0x54</size>
         <input_file_ref idref="fl-d"/>
      </object_component>
      <object_component id="oc-1cd">
         <name>.text:SWTimer_construct</name>
         <load_address>0x4d54</load_address>
         <run_address>0x4d54</run_address>
         <size>0x54</size>
         <input_file_ref idref="fl-b"/>
      </object_component>
      <object_component id="oc-65b">
         <name>.text:__TI_ltoa</name>
         <load_address>0x4da8</load_address>
         <run_address>0x4da8</run_address>
         <size>0x54</size>
         <input_file_ref idref="fl-f8"/>
      </object_component>
      <object_component id="oc-303">
         <name>.text:Graphics_initContext</name>
         <load_address>0x4dfc</load_address>
         <run_address>0x4dfc</run_address>
         <size>0x52</size>
         <input_file_ref idref="fl-1b"/>
      </object_component>
      <object_component id="oc-66b">
         <name>.text:_ecpy</name>
         <load_address>0x4e4e</load_address>
         <run_address>0x4e4e</run_address>
         <size>0x52</size>
         <input_file_ref idref="fl-ea"/>
      </object_component>
      <object_component id="oc-21a">
         <name>.text:Application_handleInstructionsScreen</name>
         <load_address>0x4ea0</load_address>
         <run_address>0x4ea0</run_address>
         <size>0x4e</size>
         <input_file_ref idref="fl-2"/>
      </object_component>
      <object_component id="oc-5c1">
         <name>.text:atoi</name>
         <load_address>0x4ef0</load_address>
         <run_address>0x4ef0</run_address>
         <size>0x4c</size>
         <input_file_ref idref="fl-fa"/>
      </object_component>
      <object_component id="oc-3a4">
         <name>.text:snprintf</name>
         <load_address>0x4f3c</load_address>
         <run_address>0x4f3c</run_address>
         <size>0x4c</size>
         <input_file_ref idref="fl-e2"/>
      </object_component>
      <object_component id="oc-f2">
         <name>.text:Application_construct</name>
         <load_address>0x4f88</load_address>
         <run_address>0x4f88</run_address>
         <size>0x4a</size>
         <input_file_ref idref="fl-2"/>
      </object_component>
      <object_component id="oc-1b4">
         <name>.text:LED_construct</name>
         <load_address>0x4fd2</load_address>
         <run_address>0x4fd2</run_address>
         <size>0x4a</size>
         <input_file_ref idref="fl-a"/>
      </object_component>
      <object_component id="oc-183">
         <name>.text:FlashCtl_setWaitState</name>
         <load_address>0x501c</load_address>
         <run_address>0x501c</run_address>
         <size>0x48</size>
         <input_file_ref idref="fl-23"/>
      </object_component>
      <object_component id="oc-656">
         <name>.text</name>
         <load_address>0x5064</load_address>
         <run_address>0x5064</run_address>
         <size>0x48</size>
         <input_file_ref idref="fl-f1"/>
      </object_component>
      <object_component id="oc-347">
         <name>.text:Graphics_drawMultiplePixelsOnDisplay</name>
         <load_address>0x50ac</load_address>
         <run_address>0x50ac</run_address>
         <size>0x46</size>
         <input_file_ref idref="fl-1c"/>
      </object_component>
      <object_component id="oc-1ec">
         <name>.text:GFX_print</name>
         <load_address>0x50f2</load_address>
         <run_address>0x50f2</run_address>
         <size>0x44</size>
         <input_file_ref idref="fl-8"/>
      </object_component>
      <object_component id="oc-12c">
         <name>.text:__TI_auto_init_nobinit_nopinit:__TI_auto_init_nobinit_nopinit</name>
         <load_address>0x5138</load_address>
         <run_address>0x5138</run_address>
         <size>0x44</size>
         <input_file_ref idref="fl-f3"/>
      </object_component>
      <object_component id="oc-46f">
         <name>.text:Crystalfontz128x128_PixelDraw</name>
         <load_address>0x517c</load_address>
         <run_address>0x517c</run_address>
         <size>0x40</size>
         <input_file_ref idref="fl-d"/>
      </object_component>
      <object_component id="oc-170">
         <name>.text:GPIO_setAsOutputPin</name>
         <load_address>0x51bc</load_address>
         <run_address>0x51bc</run_address>
         <size>0x40</size>
         <input_file_ref idref="fl-24"/>
      </object_component>
      <object_component id="oc-4cb">
         <name>.text:Graphics_getNumberOfLeadingZeros</name>
         <load_address>0x51fc</load_address>
         <run_address>0x51fc</run_address>
         <size>0x40</size>
         <input_file_ref idref="fl-21"/>
      </object_component>
      <object_component id="oc-441">
         <name>.text:HAL_LCD_SpiInit</name>
         <load_address>0x523c</load_address>
         <run_address>0x523c</run_address>
         <size>0x40</size>
         <input_file_ref idref="fl-e"/>
      </object_component>
      <object_component id="oc-618">
         <name>.text:is_A_Module</name>
         <load_address>0x527c</load_address>
         <run_address>0x527c</run_address>
         <size>0x40</size>
         <input_file_ref idref="fl-26"/>
      </object_component>
      <object_component id="oc-67e">
         <name>.text:_fcpy</name>
         <load_address>0x52bc</load_address>
         <run_address>0x52bc</run_address>
         <size>0x3e</size>
         <input_file_ref idref="fl-ea"/>
      </object_component>
      <object_component id="oc-9f">
         <name>.text:main</name>
         <load_address>0x52fa</load_address>
         <run_address>0x52fa</run_address>
         <size>0x3a</size>
         <input_file_ref idref="fl-2"/>
      </object_component>
      <object_component id="oc-447">
         <name>.text:HAL_LCD_writeCommand</name>
         <load_address>0x5334</load_address>
         <run_address>0x5334</run_address>
         <size>0x38</size>
         <input_file_ref idref="fl-e"/>
      </object_component>
      <object_component id="oc-1a1">
         <name>.text:Timer32_startTimer</name>
         <load_address>0x536c</load_address>
         <run_address>0x536c</run_address>
         <size>0x38</size>
         <input_file_ref idref="fl-29"/>
      </object_component>
      <object_component id="oc-3aa">
         <name>.text:GFX_removeSolidCircle</name>
         <load_address>0x53a4</load_address>
         <run_address>0x53a4</run_address>
         <size>0x36</size>
         <input_file_ref idref="fl-8"/>
      </object_component>
      <object_component id="oc-5a4">
         <name>.text:Graphics_drawHorizontalLineOnDisplay</name>
         <load_address>0x53da</load_address>
         <run_address>0x53da</run_address>
         <size>0x36</size>
         <input_file_ref idref="fl-1c"/>
      </object_component>
      <object_component id="oc-635">
         <name>.text:Graphics_drawVerticalLineOnDisplay</name>
         <load_address>0x5410</load_address>
         <run_address>0x5410</run_address>
         <size>0x36</size>
         <input_file_ref idref="fl-1c"/>
      </object_component>
      <object_component id="oc-2bb">
         <name>.text:CS_setDCOCenteredFrequency</name>
         <load_address>0x5448</load_address>
         <run_address>0x5448</run_address>
         <size>0x34</size>
         <input_file_ref idref="fl-22"/>
      </object_component>
      <object_component id="oc-19b">
         <name>.text:Timer32_setCount</name>
         <load_address>0x547c</load_address>
         <run_address>0x547c</run_address>
         <size>0x34</size>
         <input_file_ref idref="fl-29"/>
      </object_component>
      <object_component id="oc-506">
         <name>.text:UART_transmitData</name>
         <load_address>0x54b0</load_address>
         <run_address>0x54b0</run_address>
         <size>0x34</size>
         <input_file_ref idref="fl-2a"/>
      </object_component>
      <object_component id="oc-55">
         <name>.text:_c_int00_noargs:_c_int00_noargs</name>
         <load_address>0x54e4</load_address>
         <run_address>0x54e4</run_address>
         <size>0x34</size>
         <input_file_ref idref="fl-e9"/>
      </object_component>
      <object_component id="oc-23b">
         <name>.text:GPIO_getInputPinValue</name>
         <load_address>0x5518</load_address>
         <run_address>0x5518</run_address>
         <size>0x30</size>
         <input_file_ref idref="fl-24"/>
      </object_component>
      <object_component id="oc-43b">
         <name>.text:HAL_LCD_PortInit</name>
         <load_address>0x5548</load_address>
         <run_address>0x5548</run_address>
         <size>0x30</size>
         <input_file_ref idref="fl-e"/>
      </object_component>
      <object_component id="oc-4f8">
         <name>.text:UART_receiveData</name>
         <load_address>0x5578</load_address>
         <run_address>0x5578</run_address>
         <size>0x30</size>
         <input_file_ref idref="fl-2a"/>
      </object_component>
      <object_component id="oc-514">
         <name>.text:_outs</name>
         <load_address>0x55a8</load_address>
         <run_address>0x55a8</run_address>
         <size>0x30</size>
         <input_file_ref idref="fl-e2"/>
      </object_component>
      <object_component id="oc-3bc">
         <name>.text:qianhui</name>
         <load_address>0x55d8</load_address>
         <run_address>0x55d8</run_address>
         <size>0x30</size>
         <input_file_ref idref="fl-2"/>
      </object_component>
      <object_component id="oc-104">
         <name>.text:HAL_refresh</name>
         <load_address>0x5608</load_address>
         <run_address>0x5608</run_address>
         <size>0x2e</size>
         <input_file_ref idref="fl-9"/>
      </object_component>
      <object_component id="oc-661">
         <name>.text</name>
         <load_address>0x5636</load_address>
         <run_address>0x5636</run_address>
         <size>0x2e</size>
         <input_file_ref idref="fl-f2"/>
      </object_component>
      <object_component id="oc-499">
         <name>.text:Crystalfontz128x128_ClearScreen</name>
         <load_address>0x5664</load_address>
         <run_address>0x5664</run_address>
         <size>0x2c</size>
         <input_file_ref idref="fl-d"/>
      </object_component>
      <object_component id="oc-34d">
         <name>.text:Graphics_drawPixelOnDisplay</name>
         <load_address>0x5690</load_address>
         <run_address>0x5690</run_address>
         <size>0x2c</size>
         <input_file_ref idref="fl-1c"/>
      </object_component>
      <object_component id="oc-44d">
         <name>.text:HAL_LCD_writeData</name>
         <load_address>0x56bc</load_address>
         <run_address>0x56bc</run_address>
         <size>0x2c</size>
         <input_file_ref idref="fl-e"/>
      </object_component>
      <object_component id="oc-226">
         <name>.text:Application_handleResultScreen</name>
         <load_address>0x56e8</load_address>
         <run_address>0x56e8</run_address>
         <size>0x2a</size>
         <input_file_ref idref="fl-2"/>
      </object_component>
      <object_component id="oc-30f">
         <name>.text:GFX_resetColors</name>
         <load_address>0x5712</load_address>
         <run_address>0x5712</run_address>
         <size>0x2a</size>
         <input_file_ref idref="fl-8"/>
      </object_component>
      <object_component id="oc-378">
         <name>.text:SWTimer_expired</name>
         <load_address>0x573c</load_address>
         <run_address>0x573c</run_address>
         <size>0x2a</size>
         <input_file_ref idref="fl-b"/>
      </object_component>
      <object_component id="oc-48d">
         <name>.text:Crystalfontz128x128_ColorTranslate</name>
         <load_address>0x5766</load_address>
         <run_address>0x5766</run_address>
         <size>0x28</size>
         <input_file_ref idref="fl-d"/>
      </object_component>
      <object_component id="oc-241">
         <name>.text:GPIO_setOutputHighOnPin</name>
         <load_address>0x5790</load_address>
         <run_address>0x5790</run_address>
         <size>0x28</size>
         <input_file_ref idref="fl-24"/>
      </object_component>
      <object_component id="oc-235">
         <name>.text:GPIO_setOutputLowOnPin</name>
         <load_address>0x57b8</load_address>
         <run_address>0x57b8</run_address>
         <size>0x28</size>
         <input_file_ref idref="fl-24"/>
      </object_component>
      <object_component id="oc-202">
         <name>.text:LED_turnOff</name>
         <load_address>0x57e0</load_address>
         <run_address>0x57e0</run_address>
         <size>0x28</size>
         <input_file_ref idref="fl-a"/>
      </object_component>
      <object_component id="oc-1fc">
         <name>.text:LED_turnOn</name>
         <load_address>0x5808</load_address>
         <run_address>0x5808</run_address>
         <size>0x28</size>
         <input_file_ref idref="fl-a"/>
      </object_component>
      <object_component id="oc-73">
         <name>.text:T32_INT1_IRQHandler</name>
         <load_address>0x5830</load_address>
         <run_address>0x5830</run_address>
         <size>0x28</size>
         <input_file_ref idref="fl-b"/>
      </object_component>
      <object_component id="oc-3b6">
         <name>.text:qianhui1</name>
         <load_address>0x5858</load_address>
         <run_address>0x5858</run_address>
         <size>0x28</size>
         <input_file_ref idref="fl-2"/>
      </object_component>
      <object_component id="oc-391">
         <name>.text:UART_hasChar</name>
         <load_address>0x5880</load_address>
         <run_address>0x5880</run_address>
         <size>0x26</size>
         <input_file_ref idref="fl-c"/>
      </object_component>
      <object_component id="oc-214">
         <name>.text:Application_handleTitleScreen</name>
         <load_address>0x58a6</load_address>
         <run_address>0x58a6</run_address>
         <size>0x24</size>
         <input_file_ref idref="fl-2"/>
      </object_component>
      <object_component id="oc-1d3">
         <name>.text:SWTimer_start</name>
         <load_address>0x58cc</load_address>
         <run_address>0x58cc</run_address>
         <size>0x24</size>
         <input_file_ref idref="fl-b"/>
      </object_component>
      <object_component id="oc-da">
         <name>.text:WDT_A_holdTimer</name>
         <load_address>0x58f0</load_address>
         <run_address>0x58f0</run_address>
         <size>0x24</size>
         <input_file_ref idref="fl-2b"/>
      </object_component>
      <object_component id="oc-3b0">
         <name>.text:GFX_drawSolidCircle</name>
         <load_address>0x5914</load_address>
         <run_address>0x5914</run_address>
         <size>0x1e</size>
         <input_file_ref idref="fl-8"/>
      </object_component>
      <object_component id="oc-10a">
         <name>.text:PollNonBlockingLED</name>
         <load_address>0x5932</load_address>
         <run_address>0x5932</run_address>
         <size>0x1e</size>
         <input_file_ref idref="fl-2"/>
      </object_component>
      <object_component id="oc-574">
         <name>.text:SPI_enableModule</name>
         <load_address>0x5950</load_address>
         <run_address>0x5950</run_address>
         <size>0x1c</size>
         <input_file_ref idref="fl-26"/>
      </object_component>
      <object_component id="oc-5ea">
         <name>.text:memccpy</name>
         <load_address>0x596c</load_address>
         <run_address>0x596c</run_address>
         <size>0x1c</size>
         <input_file_ref idref="fl-fc"/>
      </object_component>
      <object_component id="oc-1f6">
         <name>.text:Button_isPressed</name>
         <load_address>0x5988</load_address>
         <run_address>0x5988</run_address>
         <size>0x1a</size>
         <input_file_ref idref="fl-7"/>
      </object_component>
      <object_component id="oc-4af">
         <name>.text:Graphics_clearDisplayOnDisplay</name>
         <load_address>0x59a2</load_address>
         <run_address>0x59a2</run_address>
         <size>0x1a</size>
         <input_file_ref idref="fl-1c"/>
      </object_component>
      <object_component id="oc-1e0">
         <name>.text:Graphics_setBackgroundColor</name>
         <load_address>0x59bc</load_address>
         <run_address>0x59bc</run_address>
         <size>0x1a</size>
         <input_file_ref idref="fl-1b"/>
      </object_component>
      <object_component id="oc-309">
         <name>.text:Graphics_setFont</name>
         <load_address>0x59d6</load_address>
         <run_address>0x59d6</run_address>
         <size>0x1a</size>
         <input_file_ref idref="fl-1b"/>
      </object_component>
      <object_component id="oc-6e0">
         <name>.text:copysign</name>
         <load_address>0x59f0</load_address>
         <run_address>0x59f0</run_address>
         <size>0x1a</size>
         <input_file_ref idref="fl-103"/>
      </object_component>
      <object_component id="oc-4ff">
         <name>.text:UART_getInterruptStatus</name>
         <load_address>0x5a0a</load_address>
         <run_address>0x5a0a</run_address>
         <size>0x18</size>
         <input_file_ref idref="fl-2a"/>
      </object_component>
      <object_component id="oc-51a">
         <name>.text:_outc</name>
         <load_address>0x5a22</load_address>
         <run_address>0x5a22</run_address>
         <size>0x18</size>
         <input_file_ref idref="fl-e2"/>
      </object_component>
      <object_component id="oc-324">
         <name>.text</name>
         <load_address>0x5a3a</load_address>
         <run_address>0x5a3a</run_address>
         <size>0x18</size>
         <input_file_ref idref="fl-e3"/>
      </object_component>
      <object_component id="oc-620">
         <name>.text:EUSCI_A_SPI_enable</name>
         <load_address>0x5a52</load_address>
         <run_address>0x5a52</run_address>
         <size>0x16</size>
         <input_file_ref idref="fl-26"/>
      </object_component>
      <object_component id="oc-626">
         <name>.text:EUSCI_B_SPI_enable</name>
         <load_address>0x5a68</load_address>
         <run_address>0x5a68</run_address>
         <size>0x16</size>
         <input_file_ref idref="fl-26"/>
      </object_component>
      <object_component id="oc-531">
         <name>.text:GFX_setForeground</name>
         <load_address>0x5a7e</load_address>
         <run_address>0x5a7e</run_address>
         <size>0x16</size>
         <input_file_ref idref="fl-8"/>
      </object_component>
      <object_component id="oc-466">
         <name>.text:Graphics_setForegroundColor</name>
         <load_address>0x5a94</load_address>
         <run_address>0x5a94</run_address>
         <size>0x16</size>
         <input_file_ref idref="fl-1b"/>
      </object_component>
      <object_component id="oc-339">
         <name>.text:Graphics_translateColorOnDisplay</name>
         <load_address>0x5aaa</load_address>
         <run_address>0x5aaa</run_address>
         <size>0x16</size>
         <input_file_ref idref="fl-1c"/>
      </object_component>
      <object_component id="oc-53d">
         <name>.text:LED_isLit</name>
         <load_address>0x5ac0</load_address>
         <run_address>0x5ac0</run_address>
         <size>0x16</size>
         <input_file_ref idref="fl-a"/>
      </object_component>
      <object_component id="oc-2e0">
         <name>.text:UART_enableModule</name>
         <load_address>0x5ad6</load_address>
         <run_address>0x5ad6</run_address>
         <size>0x16</size>
         <input_file_ref idref="fl-2a"/>
      </object_component>
      <object_component id="oc-38b">
         <name>.text:UART_getChar</name>
         <load_address>0x5aec</load_address>
         <run_address>0x5aec</run_address>
         <size>0x16</size>
         <input_file_ref idref="fl-c"/>
      </object_component>
      <object_component id="oc-398">
         <name>.text:UART_putChar</name>
         <load_address>0x5b02</load_address>
         <run_address>0x5b02</run_address>
         <size>0x16</size>
         <input_file_ref idref="fl-c"/>
      </object_component>
      <object_component id="oc-692">
         <name>.text:strchr</name>
         <load_address>0x5b18</load_address>
         <run_address>0x5b18</run_address>
         <size>0x16</size>
         <input_file_ref idref="fl-fd"/>
      </object_component>
      <object_component id="oc-e0">
         <name>.text:InitNonBlockingLED</name>
         <load_address>0x5b2e</load_address>
         <run_address>0x5b2e</run_address>
         <size>0x14</size>
         <input_file_ref idref="fl-2"/>
      </object_component>
      <object_component id="oc-b9">
         <name>.text:Timer32_clearInterruptFlag</name>
         <load_address>0x5b42</load_address>
         <run_address>0x5b42</run_address>
         <size>0x14</size>
         <input_file_ref idref="fl-29"/>
      </object_component>
      <object_component id="oc-5bb">
         <name>.text:strlen</name>
         <load_address>0x5b56</load_address>
         <run_address>0x5b56</run_address>
         <size>0x14</size>
         <input_file_ref idref="fl-fe"/>
      </object_component>
      <object_component id="oc-331">
         <name>.text:Graphics_clearDisplay</name>
         <load_address>0x5b6a</load_address>
         <run_address>0x5b6a</run_address>
         <size>0x12</size>
         <input_file_ref idref="fl-1b"/>
      </object_component>
      <object_component id="oc-5f0">
         <name>.text:wcslen</name>
         <load_address>0x5b7c</load_address>
         <run_address>0x5b7c</run_address>
         <size>0x12</size>
         <input_file_ref idref="fl-102"/>
      </object_component>
      <object_component id="oc-17d">
         <name>.text:Interrupt_disableMaster</name>
         <load_address>0x5b8e</load_address>
         <run_address>0x5b8e</run_address>
         <size>0x10</size>
         <input_file_ref idref="fl-25"/>
      </object_component>
      <object_component id="oc-1a7">
         <name>.text:Interrupt_enableMaster</name>
         <load_address>0x5b9e</load_address>
         <run_address>0x5b9e</run_address>
         <size>0x10</size>
         <input_file_ref idref="fl-25"/>
      </object_component>
      <object_component id="oc-208">
         <name>.text:Button_isTapped</name>
         <load_address>0x5bae</load_address>
         <run_address>0x5bae</run_address>
         <size>0xe</size>
         <input_file_ref idref="fl-7"/>
      </object_component>
      <object_component id="oc-355">
         <name>.text:Graphics_getFontHeight</name>
         <load_address>0x5bbc</load_address>
         <run_address>0x5bbc</run_address>
         <size>0xe</size>
         <input_file_ref idref="fl-1b"/>
      </object_component>
      <object_component id="oc-35b">
         <name>.text:Graphics_getFontMaxWidth</name>
         <load_address>0x5bca</load_address>
         <run_address>0x5bca</run_address>
         <size>0xe</size>
         <input_file_ref idref="fl-1b"/>
      </object_component>
      <object_component id="oc-32a">
         <name>.text:Timer32_getValue</name>
         <load_address>0x5bd8</load_address>
         <run_address>0x5bd8</run_address>
         <size>0xe</size>
         <input_file_ref idref="fl-29"/>
      </object_component>
      <object_component id="oc-1d">
         <name>.text:decompress:none:__TI_decompress_none</name>
         <load_address>0x5be6</load_address>
         <run_address>0x5be6</run_address>
         <size>0xe</size>
         <input_file_ref idref="fl-e7"/>
      </object_component>
      <object_component id="oc-2ad">
         <name>.text:CPU_cpsid</name>
         <load_address>0x5bf4</load_address>
         <run_address>0x5bf4</run_address>
         <size>0xc</size>
         <input_file_ref idref="fl-2c"/>
      </object_component>
      <object_component id="oc-2cd">
         <name>.text:CPU_cpsie</name>
         <load_address>0x5c00</load_address>
         <run_address>0x5c00</run_address>
         <size>0xc</size>
         <input_file_ref idref="fl-2c"/>
      </object_component>
      <object_component id="oc-1da">
         <name>.text:GFX_clear</name>
         <load_address>0x5c0c</load_address>
         <run_address>0x5c0c</run_address>
         <size>0xc</size>
         <input_file_ref idref="fl-8"/>
      </object_component>
      <object_component id="oc-67">
         <name>.text:Reset_Handler</name>
         <load_address>0x5c18</load_address>
         <run_address>0x5c18</run_address>
         <size>0xc</size>
         <input_file_ref idref="fl-f"/>
      </object_component>
      <object_component id="oc-49">
         <name>.text:decompress:ZI:__TI_zero_init</name>
         <load_address>0x5c24</load_address>
         <run_address>0x5c24</run_address>
         <size>0xc</size>
         <input_file_ref idref="fl-e6"/>
      </object_component>
      <object_component id="oc-493">
         <name>.text:Crystalfontz128x128_Flush</name>
         <load_address>0x5c30</load_address>
         <run_address>0x5c30</run_address>
         <size>0xa</size>
         <input_file_ref idref="fl-d"/>
      </object_component>
      <object_component id="oc-5f6">
         <name>.text:__aeabi_errno_addr</name>
         <load_address>0x5c3c</load_address>
         <run_address>0x5c3c</run_address>
         <size>0x8</size>
         <input_file_ref idref="fl-ff"/>
      </object_component>
      <object_component id="oc-99">
         <name>.text:_system_pre_init</name>
         <load_address>0x5c44</load_address>
         <run_address>0x5c44</run_address>
         <size>0x4</size>
         <input_file_ref idref="fl-f4"/>
      </object_component>
      <object_component id="oc-120">
         <name>.text:abort:abort</name>
         <load_address>0x5c48</load_address>
         <run_address>0x5c48</run_address>
         <size>0x4</size>
         <input_file_ref idref="fl-f6"/>
      </object_component>
      <object_component id="oc-36b">
         <name>.const:.string:pixel_colors8BPP_UNCOMP</name>
         <load_address>0x5c4c</load_address>
         <run_address>0x5c4c</run_address>
         <size>0x4000</size>
         <input_file_ref idref="fl-3"/>
      </object_component>
      <object_component id="oc-611">
         <name>.const:.string:pixel_sad8BPP_UNCOMP</name>
         <load_address>0x9c4c</load_address>
         <run_address>0x9c4c</run_address>
         <size>0x640</size>
         <input_file_ref idref="fl-5"/>
      </object_component>
      <object_component id="oc-368">
         <name>.const:palette_colors8BPP_UNCOMP</name>
         <load_address>0xa28c</load_address>
         <run_address>0xa28c</run_address>
         <size>0x400</size>
         <input_file_ref idref="fl-3"/>
      </object_component>
      <object_component id="oc-60e">
         <name>.const:palette_sad8BPP_UNCOMP</name>
         <load_address>0xa68c</load_address>
         <run_address>0xa68c</run_address>
         <size>0x400</size>
         <input_file_ref idref="fl-5"/>
      </object_component>
      <object_component id="oc-4a1">
         <name>.const:.string:g_pucFontFixed6x8Data</name>
         <load_address>0xaa8c</load_address>
         <run_address>0xaa8c</run_address>
         <size>0x2f8</size>
         <input_file_ref idref="fl-1d"/>
      </object_component>
      <object_component id="oc-640">
         <name>.const:.string:_ctypes_</name>
         <load_address>0xad84</load_address>
         <run_address>0xad84</run_address>
         <size>0x101</size>
         <input_file_ref idref="fl-fb"/>
      </object_component>
      <object_component id="oc-31b">
         <name>.const:g_sFontFixed6x8</name>
         <load_address>0xae88</load_address>
         <run_address>0xae88</run_address>
         <size>0xc8</size>
         <input_file_ref idref="fl-1d"/>
      </object_component>
      <object_component id="oc-2a3">
         <name>.const:GPIO_PORT_TO_BASE</name>
         <load_address>0xaf50</load_address>
         <run_address>0xaf50</run_address>
         <size>0x30</size>
         <input_file_ref idref="fl-24"/>
      </object_component>
      <object_component id="oc-318">
         <name>.const:g_sCrystalfontz128x128_funcs</name>
         <load_address>0xaf80</load_address>
         <run_address>0xaf80</run_address>
         <size>0x20</size>
         <input_file_ref idref="fl-d"/>
      </object_component>
      <object_component id="oc-57a">
         <name>.const:$P$T0$1</name>
         <load_address>0xafa0</load_address>
         <run_address>0xafa0</run_address>
         <size>0x1c</size>
         <input_file_ref idref="fl-e"/>
      </object_component>
      <object_component id="oc-2ec">
         <name>.const:$P$T0$1</name>
         <load_address>0xafbc</load_address>
         <run_address>0xafbc</run_address>
         <size>0x10</size>
         <input_file_ref idref="fl-c"/>
      </object_component>
      <object_component id="oc-2ef">
         <name>.const:$P$T1$2</name>
         <load_address>0xafcc</load_address>
         <run_address>0xafcc</run_address>
         <size>0x10</size>
         <input_file_ref idref="fl-c"/>
      </object_component>
      <object_component id="oc-2f2">
         <name>.const:$P$T2$3</name>
         <load_address>0xafdc</load_address>
         <run_address>0xafdc</run_address>
         <size>0x10</size>
         <input_file_ref idref="fl-c"/>
      </object_component>
      <object_component id="oc-1f2">
         <name>.const:colors8BPP_UNCOMP</name>
         <load_address>0xafec</load_address>
         <run_address>0xafec</run_address>
         <size>0x10</size>
         <input_file_ref idref="fl-3"/>
      </object_component>
      <object_component id="oc-543">
         <name>.const:sad8BPP_UNCOMP</name>
         <load_address>0xaffc</load_address>
         <run_address>0xaffc</run_address>
         <size>0x10</size>
         <input_file_ref idref="fl-5"/>
      </object_component>
      <object_component id="oc-595">
         <name>.const:$P$T0$1</name>
         <load_address>0xb00c</load_address>
         <run_address>0xb00c</run_address>
         <size>0x8</size>
         <input_file_ref idref="fl-d"/>
      </object_component>
      <object_component id="oc-2d4">
         <name>.const:g_pulEnRegs</name>
         <load_address>0xb014</load_address>
         <run_address>0xb014</run_address>
         <size>0x8</size>
         <input_file_ref idref="fl-25"/>
      </object_component>
      <object_component id="oc-73d">
         <name>.cinit..data.load</name>
         <load_address>0xb020</load_address>
         <run_address>0xb020</run_address>
         <size>0x13</size>
      </object_component>
      <object_component id="oc-73b">
         <name>__TI_handler_table</name>
         <load_address>0xb034</load_address>
         <run_address>0xb034</run_address>
         <size>0xc</size>
      </object_component>
      <object_component id="oc-73e">
         <name>.cinit..bss.load</name>
         <load_address>0xb040</load_address>
         <run_address>0xb040</run_address>
         <size>0x8</size>
      </object_component>
      <object_component id="oc-73c">
         <name>__TI_cinit_table</name>
         <load_address>0xb048</load_address>
         <run_address>0xb048</run_address>
         <size>0x10</size>
      </object_component>
      <object_component id="oc-70f">
         <name>.binit</name>
         <load_address>0x0</load_address>
         <run_address>0x0</run_address>
         <size>0x0</size>
      </object_component>
      <object_component id="oc-3c4">
         <name>.data</name>
         <load_address>0x20000410</load_address>
         <run_address>0x20000410</run_address>
         <size>0x14</size>
         <input_file_ref idref="fl-2"/>
      </object_component>
      <object_component id="oc-bf">
         <name>.data</name>
         <load_address>0x20000438</load_address>
         <run_address>0x20000438</run_address>
         <size>0x8</size>
         <input_file_ref idref="fl-b"/>
      </object_component>
      <object_component id="oc-315">
         <name>.data:g_sCrystalfontz128x128</name>
         <load_address>0x20000424</load_address>
         <run_address>0x20000424</run_address>
         <size>0x10</size>
         <input_file_ref idref="fl-d"/>
      </object_component>
      <object_component id="oc-6a2">
         <name>.data</name>
         <load_address>0x20000434</load_address>
         <run_address>0x20000434</run_address>
         <size>0x4</size>
         <input_file_ref idref="fl-ff"/>
      </object_component>
      <object_component id="oc-4c1">
         <name>.bss:g_pulConvertedPalette</name>
         <uninitialized>true</uninitialized>
         <run_address>0x20000000</run_address>
         <size>0x400</size>
         <input_file_ref idref="fl-1e"/>
      </object_component>
      <object_component id="oc-3c2">
         <name>.common:rxChar</name>
         <uninitialized>true</uninitialized>
         <run_address>0x2000040a</run_address>
         <size>0x1</size>
      </object_component>
      <object_component id="oc-3c3">
         <name>.common:txChar</name>
         <uninitialized>true</uninitialized>
         <run_address>0x2000040b</run_address>
         <size>0x1</size>
      </object_component>
      <object_component id="oc-462">
         <name>.common:Lcd_Orientation</name>
         <uninitialized>true</uninitialized>
         <run_address>0x20000408</run_address>
         <size>0x1</size>
      </object_component>
      <object_component id="oc-459">
         <name>.common:Lcd_ScreenWidth</name>
         <uninitialized>true</uninitialized>
         <run_address>0x20000402</run_address>
         <size>0x2</size>
      </object_component>
      <object_component id="oc-45c">
         <name>.common:Lcd_ScreenHeigth</name>
         <uninitialized>true</uninitialized>
         <run_address>0x20000400</run_address>
         <size>0x2</size>
      </object_component>
      <object_component id="oc-45d">
         <name>.common:Lcd_PenSolid</name>
         <uninitialized>true</uninitialized>
         <run_address>0x20000409</run_address>
         <size>0x1</size>
      </object_component>
      <object_component id="oc-45e">
         <name>.common:Lcd_FontSolid</name>
         <uninitialized>true</uninitialized>
         <run_address>0x20000407</run_address>
         <size>0x1</size>
      </object_component>
      <object_component id="oc-45f">
         <name>.common:Lcd_FlagRead</name>
         <uninitialized>true</uninitialized>
         <run_address>0x20000406</run_address>
         <size>0x1</size>
      </object_component>
      <object_component id="oc-460">
         <name>.common:Lcd_TouchTrim</name>
         <uninitialized>true</uninitialized>
         <run_address>0x20000404</run_address>
         <size>0x2</size>
      </object_component>
      <object_component id="oc-29">
         <name>.stack</name>
         <uninitialized>true</uninitialized>
         <run_address>0x2000fe00</run_address>
         <size>0x4</size>
         <input_file_ref idref="fl-e9"/>
      </object_component>
      <object_component id="oc-740">
         <name>.stack</name>
         <uninitialized>true</uninitialized>
         <run_address>0x2000fe00</run_address>
         <size>0x0</size>
      </object_component>
      <object_component id="oc-16d">
         <name>.debug_info</name>
         <load_address>0x0</load_address>
         <run_address>0x0</run_address>
         <size>0xe39</size>
         <input_file_ref idref="fl-2"/>
      </object_component>
      <object_component id="oc-3c5">
         <name>.debug_info</name>
         <load_address>0xe39</load_address>
         <run_address>0xe39</run_address>
         <size>0x136</size>
         <input_file_ref idref="fl-2"/>
      </object_component>
      <object_component id="oc-3ce">
         <name>.debug_info</name>
         <load_address>0xf6f</load_address>
         <run_address>0xf6f</run_address>
         <size>0x29b</size>
         <input_file_ref idref="fl-2"/>
      </object_component>
      <object_component id="oc-3be">
         <name>.debug_info</name>
         <load_address>0x120a</load_address>
         <run_address>0x120a</run_address>
         <size>0x160</size>
         <input_file_ref idref="fl-2"/>
      </object_component>
      <object_component id="oc-3b7">
         <name>.debug_info</name>
         <load_address>0x136a</load_address>
         <run_address>0x136a</run_address>
         <size>0x162</size>
         <input_file_ref idref="fl-2"/>
      </object_component>
      <object_component id="oc-e1">
         <name>.debug_info</name>
         <load_address>0x14cc</load_address>
         <run_address>0x14cc</run_address>
         <size>0x16c</size>
         <input_file_ref idref="fl-2"/>
      </object_component>
      <object_component id="oc-10b">
         <name>.debug_info</name>
         <load_address>0x1638</load_address>
         <run_address>0x1638</run_address>
         <size>0x17e</size>
         <input_file_ref idref="fl-2"/>
      </object_component>
      <object_component id="oc-a0">
         <name>.debug_info</name>
         <load_address>0x17b6</load_address>
         <run_address>0x17b6</run_address>
         <size>0x20e</size>
         <input_file_ref idref="fl-2"/>
      </object_component>
      <object_component id="oc-f3">
         <name>.debug_info</name>
         <load_address>0x19c4</load_address>
         <run_address>0x19c4</run_address>
         <size>0x199</size>
         <input_file_ref idref="fl-2"/>
      </object_component>
      <object_component id="oc-ff">
         <name>.debug_info</name>
         <load_address>0x1b5d</load_address>
         <run_address>0x1b5d</run_address>
         <size>0x280</size>
         <input_file_ref idref="fl-2"/>
      </object_component>
      <object_component id="oc-f9">
         <name>.debug_info</name>
         <load_address>0x1ddd</load_address>
         <run_address>0x1ddd</run_address>
         <size>0x1ec</size>
         <input_file_ref idref="fl-2"/>
      </object_component>
      <object_component id="oc-3d5">
         <name>.debug_info</name>
         <load_address>0x1fc9</load_address>
         <run_address>0x1fc9</run_address>
         <size>0x272</size>
         <input_file_ref idref="fl-2"/>
      </object_component>
      <object_component id="oc-215">
         <name>.debug_info</name>
         <load_address>0x223b</load_address>
         <run_address>0x223b</run_address>
         <size>0x1ce</size>
         <input_file_ref idref="fl-2"/>
      </object_component>
      <object_component id="oc-21b">
         <name>.debug_info</name>
         <load_address>0x2409</load_address>
         <run_address>0x2409</run_address>
         <size>0x21b</size>
         <input_file_ref idref="fl-2"/>
      </object_component>
      <object_component id="oc-221">
         <name>.debug_info</name>
         <load_address>0x2624</load_address>
         <run_address>0x2624</run_address>
         <size>0xe6d</size>
         <input_file_ref idref="fl-2"/>
      </object_component>
      <object_component id="oc-227">
         <name>.debug_info</name>
         <load_address>0x3491</load_address>
         <run_address>0x3491</run_address>
         <size>0x1ea</size>
         <input_file_ref idref="fl-2"/>
      </object_component>
      <object_component id="oc-37f">
         <name>.debug_info</name>
         <load_address>0x367b</load_address>
         <run_address>0x367b</run_address>
         <size>0x1e9</size>
         <input_file_ref idref="fl-2"/>
      </object_component>
      <object_component id="oc-386">
         <name>.debug_info</name>
         <load_address>0x3864</load_address>
         <run_address>0x3864</run_address>
         <size>0x2c4</size>
         <input_file_ref idref="fl-2"/>
      </object_component>
      <object_component id="oc-3c8">
         <name>.debug_info</name>
         <load_address>0x3b28</load_address>
         <run_address>0x3b28</run_address>
         <size>0x251</size>
         <input_file_ref idref="fl-2"/>
      </object_component>
      <object_component id="oc-20f">
         <name>.debug_info</name>
         <load_address>0x3d79</load_address>
         <run_address>0x3d79</run_address>
         <size>0x231</size>
         <input_file_ref idref="fl-2"/>
      </object_component>
      <object_component id="oc-39f">
         <name>.debug_info</name>
         <load_address>0x3faa</load_address>
         <run_address>0x3faa</run_address>
         <size>0x177</size>
         <input_file_ref idref="fl-2"/>
      </object_component>
      <object_component id="oc-c5">
         <name>.debug_info</name>
         <load_address>0x4121</load_address>
         <run_address>0x4121</run_address>
         <size>0x26b</size>
         <input_file_ref idref="fl-2"/>
      </object_component>
      <object_component id="oc-28d">
         <name>.debug_info</name>
         <load_address>0x438c</load_address>
         <run_address>0x438c</run_address>
         <size>0x1028</size>
         <input_file_ref idref="fl-2"/>
      </object_component>
      <object_component id="oc-288">
         <name>.debug_info</name>
         <load_address>0x53b4</load_address>
         <run_address>0x53b4</run_address>
         <size>0x37e2</size>
         <input_file_ref idref="fl-2"/>
      </object_component>
      <object_component id="oc-299">
         <name>.debug_info</name>
         <load_address>0x8b96</load_address>
         <run_address>0x8b96</run_address>
         <size>0x439</size>
         <input_file_ref idref="fl-2"/>
      </object_component>
      <object_component id="oc-11b">
         <name>.debug_info</name>
         <load_address>0x8fcf</load_address>
         <run_address>0x8fcf</run_address>
         <size>0x224</size>
         <input_file_ref idref="fl-2"/>
      </object_component>
      <object_component id="oc-24d">
         <name>.debug_info</name>
         <load_address>0x91f3</load_address>
         <run_address>0x91f3</run_address>
         <size>0xf1</size>
         <input_file_ref idref="fl-2"/>
      </object_component>
      <object_component id="oc-257">
         <name>.debug_info</name>
         <load_address>0x92e4</load_address>
         <run_address>0x92e4</run_address>
         <size>0x9e</size>
         <input_file_ref idref="fl-2"/>
      </object_component>
      <object_component id="oc-116">
         <name>.debug_info</name>
         <load_address>0x9382</load_address>
         <run_address>0x9382</run_address>
         <size>0x16b</size>
         <input_file_ref idref="fl-2"/>
      </object_component>
      <object_component id="oc-248">
         <name>.debug_info</name>
         <load_address>0x94ed</load_address>
         <run_address>0x94ed</run_address>
         <size>0x76</size>
         <input_file_ref idref="fl-2"/>
      </object_component>
      <object_component id="oc-25c">
         <name>.debug_info</name>
         <load_address>0x9563</load_address>
         <run_address>0x9563</run_address>
         <size>0x76</size>
         <input_file_ref idref="fl-2"/>
      </object_component>
      <object_component id="oc-252">
         <name>.debug_info</name>
         <load_address>0x95d9</load_address>
         <run_address>0x95d9</run_address>
         <size>0xd2</size>
         <input_file_ref idref="fl-2"/>
      </object_component>
      <object_component id="oc-111">
         <name>.debug_info</name>
         <load_address>0x96ab</load_address>
         <run_address>0x96ab</run_address>
         <size>0x8b</size>
         <input_file_ref idref="fl-2"/>
      </object_component>
      <object_component id="oc-168">
         <name>.debug_info</name>
         <load_address>0x9736</load_address>
         <run_address>0x9736</run_address>
         <size>0x2a4</size>
         <input_file_ref idref="fl-2"/>
      </object_component>
      <object_component id="oc-29e">
         <name>.debug_info</name>
         <load_address>0x99da</load_address>
         <run_address>0x99da</run_address>
         <size>0xef</size>
         <input_file_ref idref="fl-2"/>
      </object_component>
      <object_component id="oc-292">
         <name>.debug_info</name>
         <load_address>0x9ac9</load_address>
         <run_address>0x9ac9</run_address>
         <size>0xbb</size>
[...]
      </symbol>
      <symbol id="sm-680">
         <name>CS_tuneDCOFrequency</name>
         <value>0x41f1</value>
         <object_component_ref idref="oc-2c1"/>
      </symbol>
      <symbol id="sm-681">
         <name>CS_initClockSignal</name>
         <value>0x2f21</value>
         <object_component_ref idref="oc-18f"/>
      </symbol>
      <symbol id="sm-690">
         <name>FlashCtl_setWaitState</name>
         <value>0x501d</value>
         <object_component_ref idref="oc-183"/>
      </symbol>
      <symbol id="sm-6ee">
         <name>GPIO_setOutputHighOnPin</name>
         <value>0x5791</value>
         <object_component_ref idref="oc-241"/>
      </symbol>
      <symbol id="sm-6ef">
         <name>GPIO_setAsInputPinWithPullUpResistor</name>
         <value>0x4c51</value>
         <object_component_ref idref="oc-176"/>
      </symbol>
      <symbol id="sm-6f0">
         <name>GPIO_setAsOutputPin</name>
         <value>0x51bd</value>
         <object_component_ref idref="oc-170"/>
      </symbol>
      <symbol id="sm-6f1">
         <name>GPIO_setOutputLowOnPin</name>
         <value>0x57b9</value>
         <object_component_ref idref="oc-235"/>
      </symbol>
      <symbol id="sm-6f2">
         <name>GPIO_setAsPeripheralModuleFunctionOutputPin</name>
         <value>0x4301</value>
         <object_component_ref idref="oc-567"/>
      </symbol>
      <symbol id="sm-6f3">
         <name>GPIO_getInputPinValue</name>
         <value>0x5519</value>
         <object_component_ref idref="oc-23b"/>
      </symbol>
      <symbol id="sm-6f4">
         <name>GPIO_setAsPeripheralModuleFunctionInputPin</name>
         <value>0x4279</value>
         <object_component_ref idref="oc-2e6"/>
      </symbol>
      <symbol id="sm-723">
         <name>Interrupt_disableMaster</name>
         <value>0x5b8f</value>
         <object_component_ref idref="oc-17d"/>
      </symbol>
      <symbol id="sm-724">
         <name>Interrupt_enableMaster</name>
         <value>0x5b9f</value>
         <object_component_ref idref="oc-1a7"/>
      </symbol>
      <symbol id="sm-725">
         <name>Interrupt_enableInterrupt</name>
         <value>0x451d</value>
         <object_component_ref idref="oc-1ad"/>
      </symbol>
      <symbol id="sm-764">
         <name>EUSCI_B_SPI_enable</name>
         <value>0x5a69</value>
         <object_component_ref idref="oc-626"/>
      </symbol>
      <symbol id="sm-765">
         <name>SPI_enableModule</name>
         <value>0x5951</value>
         <object_component_ref idref="oc-574"/>
      </symbol>
      <symbol id="sm-766">
         <name>EUSCI_A_SPI_enable</name>
         <value>0x5a53</value>
         <object_component_ref idref="oc-620"/>
      </symbol>
      <symbol id="sm-767">
         <name>SPI_initMaster</name>
         <value>0x3b0b</value>
         <object_component_ref idref="oc-56e"/>
      </symbol>
      <symbol id="sm-77e">
         <name>SysCtl_A_getTLVInfo</name>
         <value>0x415d</value>
         <object_component_ref idref="oc-2b5"/>
      </symbol>
      <symbol id="sm-7b7">
         <name>Timer32_startTimer</name>
         <value>0x536d</value>
         <object_component_ref idref="oc-1a1"/>
      </symbol>
      <symbol id="sm-7b8">
         <name>Timer32_setCount</name>
         <value>0x547d</value>
         <object_component_ref idref="oc-19b"/>
      </symbol>
      <symbol id="sm-7b9">
         <name>Timer32_getValue</name>
         <value>0x5bd9</value>
         <object_component_ref idref="oc-32a"/>
      </symbol>
      <symbol id="sm-7ba">
         <name>Timer32_initModule</name>
         <value>0x49a5</value>
         <object_component_ref idref="oc-195"/>
      </symbol>
      <symbol id="sm-7bb">
         <name>Timer32_clearInterruptFlag</name>
         <value>0x5b43</value>
         <object_component_ref idref="oc-b9"/>
      </symbol>
      <symbol id="sm-808">
         <name>UART_receiveData</name>
         <value>0x5579</value>
         <object_component_ref idref="oc-4f8"/>
      </symbol>
      <symbol id="sm-809">
         <name>UART_enableModule</name>
         <value>0x5ad7</value>
         <object_component_ref idref="oc-2e0"/>
      </symbol>
      <symbol id="sm-80a">
         <name>UART_transmitData</name>
         <value>0x54b1</value>
         <object_component_ref idref="oc-506"/>
      </symbol>
      <symbol id="sm-80b">
         <name>UART_getInterruptStatus</name>
         <value>0x5a0b</value>
         <object_component_ref idref="oc-4ff"/>
      </symbol>
      <symbol id="sm-80c">
         <name>UART_initModule</name>
         <value>0x32a1</value>
         <object_component_ref idref="oc-2da"/>
      </symbol>
      <symbol id="sm-818">
         <name>WDT_A_holdTimer</name>
         <value>0x58f1</value>
         <object_component_ref idref="oc-da"/>
      </symbol>
      <symbol id="sm-82a">
         <name>CPU_cpsie</name>
         <value>0x5c01</value>
         <object_component_ref idref="oc-2cd"/>
      </symbol>
      <symbol id="sm-82b">
         <name>CPU_cpsid</name>
         <value>0x5bf5</value>
         <object_component_ref idref="oc-2ad"/>
      </symbol>
      <symbol id="sm-85a">
         <name>snprintf</name>
         <value>0x4f3d</value>
         <object_component_ref idref="oc-3a4"/>
      </symbol>
      <symbol id="sm-863">
         <name>__aeabi_lmul</name>
         <value>0x5a3b</value>
         <object_component_ref idref="oc-324"/>
      </symbol>
      <symbol id="sm-87e">
         <name>memcpy</name>
         <value>0x4029</value>
         <object_component_ref idref="oc-37"/>
      </symbol>
      <symbol id="sm-87f">
         <name>__aeabi_memcpy</name>
         <value>0x4029</value>
         <object_component_ref idref="oc-37"/>
      </symbol>
      <symbol id="sm-880">
         <name>__aeabi_memcpy8</name>
         <value>0x4029</value>
         <object_component_ref idref="oc-37"/>
      </symbol>
      <symbol id="sm-881">
         <name>__aeabi_memcpy4</name>
         <value>0x4029</value>
         <object_component_ref idref="oc-37"/>
      </symbol>
      <symbol id="sm-88e">
         <name>__aeabi_uldivmod</name>
         <value>0x40c5</value>
         <object_component_ref idref="oc-31f"/>
      </symbol>
      <symbol id="sm-8a0">
         <name>__TI_zero_init</name>
         <value>0x5c25</value>
         <object_component_ref idref="oc-49"/>
      </symbol>
      <symbol id="sm-8b7">
         <name>__TI_decompress_none</name>
         <value>0x5be7</value>
         <object_component_ref idref="oc-1d"/>
      </symbol>
      <symbol id="sm-8da">
         <name>__TI_decompress_lzss</name>
         <value>0x4a0d</value>
         <object_component_ref idref="oc-17"/>
      </symbol>
      <symbol id="sm-8ed">
         <name>__stack</name>
         <value>0x2000fe00</value>
         <object_component_ref idref="oc-29"/>
      </symbol>
      <symbol id="sm-8ee">
         <name>_c_int00_noargs</name>
         <value>0x54e5</value>
         <object_component_ref idref="oc-55"/>
      </symbol>
      <symbol id="sm-a53">
         <name>__TI_printfi</name>
         <value>0xd85</value>
         <object_component_ref idref="oc-50e"/>
      </symbol>
      <symbol id="sm-a5d">
         <name>__aeabi_idiv0</name>
         <value>0x29db</value>
         <object_component_ref idref="oc-4a7"/>
      </symbol>
      <symbol id="sm-a5e">
         <name>__aeabi_ldiv0</name>
         <value>0x29db</value>
         <object_component_ref idref="oc-4a7"/>
      </symbol>
      <symbol id="sm-a6d">
         <name>__aeabi_memset</name>
         <value>0x459f</value>
         <object_component_ref idref="oc-93"/>
      </symbol>
      <symbol id="sm-a6e">
         <name>memset</name>
         <value>0x45a5</value>
         <object_component_ref idref="oc-93"/>
      </symbol>
      <symbol id="sm-a6f">
         <name>__aeabi_memset8</name>
         <value>0x459f</value>
         <object_component_ref idref="oc-93"/>
      </symbol>
      <symbol id="sm-a70">
         <name>__aeabi_memset4</name>
         <value>0x459f</value>
         <object_component_ref idref="oc-93"/>
      </symbol>
      <symbol id="sm-a71">
         <name>__aeabi_memclr8</name>
         <value>0x459d</value>
         <object_component_ref idref="oc-93"/>
      </symbol>
      <symbol id="sm-a72">
         <name>__aeabi_memclr4</name>
         <value>0x459d</value>
         <object_component_ref idref="oc-93"/>
      </symbol>
      <symbol id="sm-a73">
         <name>__aeabi_memclr</name>
         <value>0x459d</value>
         <object_component_ref idref="oc-93"/>
      </symbol>
      <symbol id="sm-a8a">
         <name>__aeabi_dsub</name>
         <value>0x2825</value>
         <object_component_ref idref="oc-666"/>
      </symbol>
      <symbol id="sm-a8b">
         <name>__aeabi_dadd</name>
         <value>0x282f</value>
         <object_component_ref idref="oc-666"/>
      </symbol>
      <symbol id="sm-aad">
         <name>__aeabi_cdcmpeq</name>
         <value>0x4411</value>
         <object_component_ref idref="oc-5cd"/>
      </symbol>
      <symbol id="sm-aae">
         <name>__aeabi_cdcmple</name>
         <value>0x4411</value>
         <object_component_ref idref="oc-5cd"/>
      </symbol>
      <symbol id="sm-aaf">
         <name>__aeabi_cdrcmple</name>
         <value>0x4497</value>
         <object_component_ref idref="oc-651"/>
      </symbol>
      <symbol id="sm-ac3">
         <name>__aeabi_ddiv</name>
         <value>0x2cb5</value>
         <object_component_ref idref="oc-64c"/>
      </symbol>
      <symbol id="sm-ace">
         <name>__aeabi_dmul</name>
         <value>0x35d5</value>
         <object_component_ref idref="oc-647"/>
      </symbol>
      <symbol id="sm-ad8">
         <name>__aeabi_d2iz</name>
         <value>0x5065</value>
         <object_component_ref idref="oc-656"/>
      </symbol>
      <symbol id="sm-ae2">
         <name>__aeabi_i2d</name>
         <value>0x5637</value>
         <object_component_ref idref="oc-661"/>
      </symbol>
      <symbol id="sm-b0a">
         <name>__TI_auto_init_nobinit_nopinit</name>
         <value>0x5139</value>
         <object_component_ref idref="oc-12c"/>
      </symbol>
      <symbol id="sm-b14">
         <name>_system_pre_init</name>
         <value>0x5c45</value>
         <object_component_ref idref="oc-99"/>
      </symbol>
      <symbol id="sm-b20">
         <name>C$$EXIT</name>
         <value>0x5c49</value>
         <object_component_ref idref="oc-120"/>
      </symbol>
      <symbol id="sm-b21">
         <name>abort</name>
         <value>0x5c49</value>
         <object_component_ref idref="oc-120"/>
      </symbol>
      <symbol id="sm-b31">
         <name>__TI_ltoa</name>
         <value>0x4da9</value>
         <object_component_ref idref="oc-65b"/>
      </symbol>
      <symbol id="sm-b48">
         <name>atoi</name>
         <value>0x4ef1</value>
         <object_component_ref idref="oc-5c1"/>
      </symbol>
      <symbol id="sm-b53">
         <name>_ctypes_</name>
         <value>0xad84</value>
         <object_component_ref idref="oc-640"/>
      </symbol>
      <symbol id="sm-b63">
         <name>memccpy</name>
         <value>0x596d</value>
         <object_component_ref idref="oc-5ea"/>
      </symbol>
      <symbol id="sm-b73">
         <name>strchr</name>
         <value>0x5b19</value>
         <object_component_ref idref="oc-692"/>
      </symbol>
      <symbol id="sm-b81">
         <name>strlen</name>
         <value>0x5b57</value>
         <object_component_ref idref="oc-5bb"/>
      </symbol>
      <symbol id="sm-b97">
         <name>__aeabi_errno_addr</name>
         <value>0x5c3d</value>
         <object_component_ref idref="oc-5f6"/>
      </symbol>
      <symbol id="sm-b98">
         <name>errno</name>
         <value>0x20000434</value>
         <object_component_ref idref="oc-6a2"/>
      </symbol>
      <symbol id="sm-bb8">
         <name>frexpl</name>
         <value>0x4a75</value>
         <object_component_ref idref="oc-686"/>
      </symbol>
      <symbol id="sm-bb9">
         <name>frexp</name>
         <value>0x4a75</value>
         <object_component_ref idref="oc-686"/>
      </symbol>
      <symbol id="sm-bd6">
         <name>scalbn</name>
         <value>0x33bd</value>
         <object_component_ref idref="oc-68c"/>
      </symbol>
      <symbol id="sm-bd7">
         <name>scalbnl</name>
         <value>0x33bd</value>
         <object_component_ref idref="oc-68c"/>
      </symbol>
      <symbol id="sm-bd8">
         <name>ldexpl</name>
         <value>0x33bd</value>
         <object_component_ref idref="oc-68c"/>
      </symbol>
      <symbol id="sm-bd9">
         <name>ldexp</name>
         <value>0x33bd</value>
         <object_component_ref idref="oc-68c"/>
      </symbol>
      <symbol id="sm-bf2">
         <name>wcslen</name>
         <value>0x5b7d</value>
         <object_component_ref idref="oc-5f0"/>
      </symbol>
      <symbol id="sm-bfc">
         <name>copysign</name>
         <value>0x59f1</value>
         <object_component_ref idref="oc-6e0"/>
      </symbol>
      <symbol id="sm-bfd">
         <name>copysignl</name>
         <value>0x59f1</value>
         <object_component_ref idref="oc-6e0"/>
      </symbol>
      <symbol id="sm-bfe">
         <name>__TI_static_base__</name>
         <value>0x0</value>
      </symbol>
      <symbol id="sm-c01">
         <name>__mpu_init</name>
         <value>0x0</value>
      </symbol>
      <symbol id="sm-c02">
         <name>_system_post_cinit</name>
         <value>0x0</value>
      </symbol>
      <symbol id="sm-c03">
         <name>NMI_Handler</name>
         <value>0x2653</value>
      </symbol>
      <symbol id="sm-c04">
         <name>HardFault_Handler</name>
         <value>0x2653</value>
      </symbol>
      <symbol id="sm-c05">
         <name>MemManage_Handler</name>
         <value>0x2653</value>
      </symbol>
      <symbol id="sm-c06">
         <name>BusFault_Handler</name>
         <value>0x2653</value>
      </symbol>
      <symbol id="sm-c07">
         <name>UsageFault_Handler</name>
         <value>0x2653</value>
      </symbol>
      <symbol id="sm-c08">
         <name>SVC_Handler</name>
         <value>0x2653</value>
      </symbol>
      <symbol id="sm-c09">
         <name>DebugMon_Handler</name>
         <value>0x2653</value>
      </symbol>
      <symbol id="sm-c0a">
         <name>PendSV_Handler</name>
         <value>0x2653</value>
      </symbol>
      <symbol id="sm-c0b">
         <name>SysTick_Handler</name>
         <value>0x2653</value>
      </symbol>
      <symbol id="sm-c0c">
         <name>PSS_IRQHandler</name>
         <value>0x2653</value>
      </symbol>
      <symbol id="sm-c0d">
         <name>CS_IRQHandler</name>
         <value>0x2653</value>
      </symbol>
      <symbol id="sm-c0e">
         <name>PCM_IRQHandler</name>
         <value>0x2653</value>
      </symbol>
      <symbol id="sm-c0f">
         <name>WDT_A_IRQHandler</name>
         <value>0x2653</value>
      </symbol>
      <symbol id="sm-c10">
         <name>FPU_IRQHandler</name>
         <value>0x2653</value>
      </symbol>
      <symbol id="sm-c11">
         <name>FLCTL_IRQHandler</name>
         <value>0x2653</value>
      </symbol>
      <symbol id="sm-c12">
         <name>COMP_E0_IRQHandler</name>
         <value>0x2653</value>
      </symbol>
      <symbol id="sm-c13">
         <name>COMP_E1_IRQHandler</name>
         <value>0x2653</value>
      </symbol>
      <symbol id="sm-c14">
         <name>TA0_0_IRQHandler</name>
         <value>0x2653</value>
      </symbol>
      <symbol id="sm-c15">
         <name>TA0_N_IRQHandler</name>
         <value>0x2653</value>
      </symbol>
      <symbol id="sm-c16">
         <name>TA1_0_IRQHandler</name>
         <value>0x2653</value>
      </symbol>
      <symbol id="sm-c17">
         <name>TA1_N_IRQHandler</name>
         <value>0x2653</value>
      </symbol>
      <symbol id="sm-c18">
         <name>TA2_0_IRQHandler</name>
         <value>0x2653</value>
      </symbol>
      <symbol id="sm-c19">
         <name>TA2_N_IRQHandler</name>
         <value>0x2653</value>
      </symbol>
      <symbol id="sm-c1a">
         <name>TA3_0_IRQHandler</name>
         <value>0x2653</value>
      </symbol>
      <symbol id="sm-c1b">
         <name>TA3_N_IRQHandler</name>
         <value>0x2653</value>
      </symbol>
      <symbol id="sm-c1c">
         <name>EUSCIA0_IRQHandler</name>
         <value>0x2653</value>
      </symbol>
      <symbol id="sm-c1d">
         <name>EUSCIA1_IRQHandler</name>
         <value>0x2653</value>
      </symbol>
      <symbol id="sm-c1e">
         <name>EUSCIA2_IRQHandler</name>
         <value>0x2653</value>
      </symbol>
      <symbol id="sm-c1f">
         <name>EUSCIA3_IRQHandler</name>
         <value>0x2653</value>
      </symbol>
      <symbol id="sm-c20">
         <name>EUSCIB0_IRQHandler</name>
         <value>0x2653</value>
      </symbol>
      <symbol id="sm-c21">
         <name>EUSCIB1_IRQHandler</name>
         <value>0x2653</value>
      </symbol>
      <symbol id="sm-c22">
         <name>EUSCIB2_IRQHandler</name>
         <value>0x2653</value>
      </symbol>
      <symbol id="sm-c23">
         <name>EUSCIB3_IRQHandler</name>
         <value>0x2653</value>
      </symbol>
      <symbol id="sm-c24">
         <name>ADC14_IRQHandler</name>
         <value>0x2653</value>
      </symbol>
      <symbol id="sm-c25">
         <name>T32_INT1_IRQHandler</name>
         <value>0x5831</value>
      </symbol>
      <symbol id="sm-c26">
         <name>T32_INT2_IRQHandler</name>
         <value>0x2653</value>
      </symbol>
      <symbol id="sm-c27">
         <name>T32_INTC_IRQHandler</name>
         <value>0x2653</value>
      </symbol>
      <symbol id="sm-c28">
         <name>AES256_IRQHandler</name>
         <value>0x2653</value>
      </symbol>
      <symbol id="sm-c29">
         <name>RTC_C_IRQHandler</name>
         <value>0x2653</value>
      </symbol>
      <symbol id="sm-c2a">
         <name>DMA_ERR_IRQHandler</name>
         <value>0x2653</value>
      </symbol>
      <symbol id="sm-c2b">
         <name>DMA_INT3_IRQHandler</name>
         <value>0x2653</value>
      </symbol>
      <symbol id="sm-c2c">
         <name>DMA_INT2_IRQHandler</name>
         <value>0x2653</value>
      </symbol>
      <symbol id="sm-c2d">
         <name>DMA_INT1_IRQHandler</name>
         <value>0x2653</value>
      </symbol>
      <symbol id="sm-c2e">
         <name>DMA_INT0_IRQHandler</name>
         <value>0x2653</value>
      </symbol>
      <symbol id="sm-c2f">
         <name>PORT1_IRQHandler</name>
         <value>0x2653</value>
      </symbol>
      <symbol id="sm-c30">
         <name>PORT2_IRQHandler</name>
         <value>0x2653</value>
      </symbol>
      <symbol id="sm-c31">
         <name>PORT3_IRQHandler</name>
         <value>0x2653</value>
      </symbol>
      <symbol id="sm-c32">
         <name>PORT4_IRQHandler</name>
         <value>0x2653</value>
      </symbol>
      <symbol id="sm-c33">
         <name>PORT5_IRQHandler</name>
         <value>0x2653</value>
      </symbol>
      <symbol id="sm-c34">
         <name>PORT6_IRQHandler</name>
         <value>0x2653</value>
      </symbol>
   </symbol_table>
   <title>Link successful</title>
</link_info>
